// Vitest Snapshot v1

exports[`[page] / > snapshot 1`] = `
<DocumentFragment>
  <h1>
    Hello world
  </h1>
</DocumentFragment>
`;
